Category: 📺央视频道, Name: CCTV-1, Total: 46, Valid: 25, Valid Percent: 54.35%, Whitelist: 0, IPv4: 1, IPv6: 45, Min Delay: 0.1 ms, Max Speed: 19.64 M/s, Avg Speed: 0.79 M/s, Max Resolution: 1920x1080
Category: 📺央视频道, Name: CCTV-2, Total: 46, Valid: 30, Valid Percent: 65.22%, Whitelist: 0, IPv4: 1, IPv6: 45, Min Delay: 0.1 ms, Max Speed: 20.88 M/s, Avg Speed: 0.70 M/s, Max Resolution: 1920x1080
Category: 📺央视频道, Name: CCTV-3, Total: 37, Valid: 21, Valid Percent: 56.76%, Whitelist: 0, IPv4: 1, IPv6: 36, Min Delay: 0.1 ms, Max Speed: 18.21 M/s, Avg Speed: 0.87 M/s, Max Resolution: 1920x1080
Category: 📺央视频道, Name: CCTV-4, Total: 44, Valid: 30, Valid Percent: 68.18%, Whitelist: 0, IPv4: 1, IPv6: 43, Min Delay: 0.1 ms, Max Speed: 19.75 M/s, Avg Speed: 0.66 M/s, Max Resolution: 1920x1080
Category: 📺央视频道, Name: CCTV-5, Total: 47, Valid: 24, Valid Percent: 51.06%, Whitelist: 0, IPv4: 1, IPv6: 46, Min Delay: 0.1 ms, Max Speed: 21.50 M/s, Avg Speed: 0.90 M/s, Max Resolution: 1920x1080
Category: 📺央视频道, Name: CCTV-5+, Total: 38, Valid: 22, Valid Percent: 57.89%, Whitelist: 0, IPv4: 1, IPv6: 37, Min Delay: 0.1 ms, Max Speed: 19.00 M/s, Avg Speed: 0.86 M/s, Max Resolution: 1920x1080
Category: 📺央视频道, Name: CCTV-6, Total: 40, Valid: 22, Valid Percent: 55.00%, Whitelist: 0, IPv4: 1, IPv6: 39, Min Delay: 0.1 ms, Max Speed: 20.33 M/s, Avg Speed: 0.92 M/s, Max Resolution: 1920x1080
Category: 📺央视频道, Name: CCTV-7, Total: 43, Valid: 28, Valid Percent: 65.12%, Whitelist: 0, IPv4: 2, IPv6: 41, Min Delay: 0.1 ms, Max Speed: 2.22 M/s, Avg Speed: 0.09 M/s, Max Resolution: 1920x1080
Category: 📺央视频道, Name: CCTV-8, Total: 38, Valid: 23, Valid Percent: 60.53%, Whitelist: 0, IPv4: 1, IPv6: 37, Min Delay: 0.1 ms, Max Speed: 19.93 M/s, Avg Speed: 0.87 M/s, Max Resolution: 1920x1080
Category: 📺央视频道, Name: CCTV-9, Total: 40, Valid: 26, Valid Percent: 65.00%, Whitelist: 0, IPv4: 1, IPv6: 39, Min Delay: 0.1 ms, Max Speed: 18.95 M/s, Avg Speed: 0.73 M/s, Max Resolution: 1920x1080
Category: 📺央视频道, Name: CCTV-10, Total: 42, Valid: 26, Valid Percent: 61.90%, Whitelist: 0, IPv4: 1, IPv6: 41, Min Delay: 0.1 ms, Max Speed: 20.29 M/s, Avg Speed: 0.78 M/s, Max Resolution: 1920x1080
Category: 📺央视频道, Name: CCTV-11, Total: 38, Valid: 23, Valid Percent: 60.53%, Whitelist: 0, IPv4: 1, IPv6: 37, Min Delay: 0.1 ms, Max Speed: 21.43 M/s, Avg Speed: 0.93 M/s, Max Resolution: 1920x1080
Category: 📺央视频道, Name: CCTV-12, Total: 43, Valid: 30, Valid Percent: 69.77%, Whitelist: 0, IPv4: 1, IPv6: 42, Min Delay: 0.1 ms, Max Speed: 22.20 M/s, Avg Speed: 0.74 M/s, Max Resolution: 1920x1080
Category: 📺央视频道, Name: CCTV-13, Total: 47, Valid: 27, Valid Percent: 57.45%, Whitelist: 0, IPv4: 1, IPv6: 46, Min Delay: 0.1 ms, Max Speed: 21.26 M/s, Avg Speed: 0.79 M/s, Max Resolution: 1920x1080
Category: 📺央视频道, Name: CCTV-14, Total: 44, Valid: 24, Valid Percent: 54.55%, Whitelist: 0, IPv4: 1, IPv6: 43, Min Delay: 0.1 ms, Max Speed: 22.53 M/s, Avg Speed: 0.94 M/s, Max Resolution: 1920x1080
Category: 📺央视频道, Name: CCTV-15, Total: 38, Valid: 23, Valid Percent: 60.53%, Whitelist: 0, IPv4: 1, IPv6: 37, Min Delay: 0.1 ms, Max Speed: 21.60 M/s, Avg Speed: 0.94 M/s, Max Resolution: 1920x1080
Category: 📺央视频道, Name: CCTV-16, Total: 32, Valid: 17, Valid Percent: 53.12%, Whitelist: 0, IPv4: 2, IPv6: 30, Min Delay: 0.1 ms, Max Speed: 15.96 M/s, Avg Speed: 1.00 M/s, Max Resolution: 1920x1080
Category: 📺央视频道, Name: CCTV-17, Total: 42, Valid: 25, Valid Percent: 59.52%, Whitelist: 0, IPv4: 1, IPv6: 41, Min Delay: 0.1 ms, Max Speed: 18.53 M/s, Avg Speed: 0.74 M/s, Max Resolution: 1920x1080
Category: 📺央视频道, Name: CETV-1, Total: 24, Valid: 2, Valid Percent: 8.33%, Whitelist: 0, IPv4: 2, IPv6: 22, Min Delay: 74 ms, Max Speed: 16.31 M/s, Avg Speed: 8.21 M/s, Max Resolution: 1920x1080
Category: 📺央视频道, Name: CETV-2, Total: 17, Valid: 1, Valid Percent: 5.88%, Whitelist: 0, IPv4: 1, IPv6: 16, Min Delay: 66 ms, Max Speed: 16.55 M/s, Avg Speed: 16.55 M/s, Max Resolution: 1920x1080
Category: 📺央视频道, Name: CETV-3, Total: 6, Valid: 0, Valid Percent: 0.00%, Whitelist: 0, IPv4: 0, IPv6: 6, Min Delay: -1 ms, Max Speed: 0.00 M/s, Avg Speed: 0.00 M/s, Max Resolution: None
Category: 📺央视频道, Name: CETV-4, Total: 20, Valid: 1, Valid Percent: 5.00%, Whitelist: 0, IPv4: 1, IPv6: 19, Min Delay: 85 ms, Max Speed: 13.43 M/s, Avg Speed: 13.43 M/s, Max Resolution: 1920x1080
Category: 📡卫视频道, Name: 广东卫视, Total: 57, Valid: 39, Valid Percent: 68.42%, Whitelist: 0, IPv4: 3, IPv6: 54, Min Delay: 0.1 ms, Max Speed: 26.48 M/s, Avg Speed: 1.28 M/s, Max Resolution: 1920x1080
Category: 📡卫视频道, Name: 香港卫视, Total: 5, Valid: 1, Valid Percent: 20.00%, Whitelist: 0, IPv4: 0, IPv6: 5, Min Delay: 0.1 ms, Max Speed: 0.00 M/s, Avg Speed: 0.00 M/s, Max Resolution: 1920x1080
Category: 📡卫视频道, Name: 浙江卫视, Total: 63, Valid: 49, Valid Percent: 77.78%, Whitelist: 0, IPv4: 4, IPv6: 59, Min Delay: 0.1 ms, Max Speed: 17.32 M/s, Avg Speed: 0.65 M/s, Max Resolution: 1920x1080
Category: 📡卫视频道, Name: 湖南卫视, Total: 54, Valid: 38, Valid Percent: 70.37%, Whitelist: 0, IPv4: 7, IPv6: 47, Min Delay: 0.1 ms, Max Speed: 29.63 M/s, Avg Speed: 2.22 M/s, Max Resolution: 3840x2160
Category: 📡卫视频道, Name: 北京卫视, Total: 56, Valid: 38, Valid Percent: 67.86%, Whitelist: 0, IPv4: 3, IPv6: 53, Min Delay: 0.1 ms, Max Speed: 19.68 M/s, Avg Speed: 1.02 M/s, Max Resolution: 1920x1080
Category: 📡卫视频道, Name: 湖北卫视, Total: 58, Valid: 40, Valid Percent: 68.97%, Whitelist: 0, IPv4: 3, IPv6: 55, Min Delay: 0.1 ms, Max Speed: 29.11 M/s, Avg Speed: 1.26 M/s, Max Resolution: 1920x1080
Category: 📡卫视频道, Name: 黑龙江卫视, Total: 57, Valid: 40, Valid Percent: 70.18%, Whitelist: 0, IPv4: 2, IPv6: 55, Min Delay: 0.1 ms, Max Speed: 17.20 M/s, Avg Speed: 0.60 M/s, Max Resolution: 1920x1080
Category: 📡卫视频道, Name: 安徽卫视, Total: 50, Valid: 32, Valid Percent: 64.00%, Whitelist: 0, IPv4: 1, IPv6: 49, Min Delay: 0.1 ms, Max Speed: 8.53 M/s, Avg Speed: 0.27 M/s, Max Resolution: 1920x1080
Category: 📡卫视频道, Name: 重庆卫视, Total: 51, Valid: 33, Valid Percent: 64.71%, Whitelist: 0, IPv4: 1, IPv6: 50, Min Delay: 0.1 ms, Max Speed: 4.86 M/s, Avg Speed: 0.15 M/s, Max Resolution: 1920x1080
Category: 📡卫视频道, Name: 东方卫视, Total: 62, Valid: 40, Valid Percent: 64.52%, Whitelist: 0, IPv4: 5, IPv6: 57, Min Delay: 0.1 ms, Max Speed: 19.89 M/s, Avg Speed: 1.22 M/s, Max Resolution: 1920x1080
Category: 📡卫视频道, Name: 东南卫视, Total: 55, Valid: 35, Valid Percent: 63.64%, Whitelist: 0, IPv4: 2, IPv6: 53, Min Delay: 0.1 ms, Max Speed: 23.82 M/s, Avg Speed: 1.14 M/s, Max Resolution: 1920x1080
Category: 📡卫视频道, Name: 甘肃卫视, Total: 37, Valid: 20, Valid Percent: 54.05%, Whitelist: 0, IPv4: 1, IPv6: 36, Min Delay: 0.1 ms, Max Speed: 7.18 M/s, Avg Speed: 0.36 M/s, Max Resolution: 1920x1080
Category: 📡卫视频道, Name: 广西卫视, Total: 44, Valid: 30, Valid Percent: 68.18%, Whitelist: 0, IPv4: 3, IPv6: 41, Min Delay: 0.1 ms, Max Speed: 16.73 M/s, Avg Speed: 0.88 M/s, Max Resolution: 1920x1080
Category: 📡卫视频道, Name: 贵州卫视, Total: 49, Valid: 31, Valid Percent: 63.27%, Whitelist: 0, IPv4: 2, IPv6: 47, Min Delay: 0.1 ms, Max Speed: 24.81 M/s, Avg Speed: 1.13 M/s, Max Resolution: 1920x1080
Category: 📡卫视频道, Name: 海南卫视, Total: 50, Valid: 32, Valid Percent: 64.00%, Whitelist: 0, IPv4: 2, IPv6: 48, Min Delay: 0.1 ms, Max Speed: 32.52 M/s, Avg Speed: 1.52 M/s, Max Resolution: 1920x1080
Category: 📡卫视频道, Name: 河北卫视, Total: 53, Valid: 35, Valid Percent: 66.04%, Whitelist: 0, IPv4: 1, IPv6: 52, Min Delay: 0.1 ms, Max Speed: 17.91 M/s, Avg Speed: 0.51 M/s, Max Resolution: 1920x1080
Category: 📡卫视频道, Name: 河南卫视, Total: 45, Valid: 29, Valid Percent: 64.44%, Whitelist: 0, IPv4: 2, IPv6: 43, Min Delay: 0.1 ms, Max Speed: 15.34 M/s, Avg Speed: 0.63 M/s, Max Resolution: 1920x1080
Category: 📡卫视频道, Name: 吉林卫视, Total: 48, Valid: 29, Valid Percent: 60.42%, Whitelist: 0, IPv4: 1, IPv6: 47, Min Delay: 0.1 ms, Max Speed: 13.38 M/s, Avg Speed: 0.46 M/s, Max Resolution: 1920x1080
Category: 📡卫视频道, Name: 江苏卫视, Total: 59, Valid: 41, Valid Percent: 69.49%, Whitelist: 0, IPv4: 4, IPv6: 55, Min Delay: 0.1 ms, Max Speed: 120.81 M/s, Avg Speed: 3.55 M/s, Max Resolution: 1920x1080
Category: 📡卫视频道, Name: 江西卫视, Total: 51, Valid: 33, Valid Percent: 64.71%, Whitelist: 0, IPv4: 1, IPv6: 50, Min Delay: 0.1 ms, Max Speed: 16.42 M/s, Avg Speed: 0.50 M/s, Max Resolution: 1920x1080
Category: 📡卫视频道, Name: 辽宁卫视, Total: 53, Valid: 35, Valid Percent: 66.04%, Whitelist: 0, IPv4: 2, IPv6: 51, Min Delay: 0.1 ms, Max Speed: 15.62 M/s, Avg Speed: 0.58 M/s, Max Resolution: 1920x1080
Category: 📡卫视频道, Name: 内蒙古卫视, Total: 33, Valid: 17, Valid Percent: 51.52%, Whitelist: 0, IPv4: 2, IPv6: 31, Min Delay: 0.1 ms, Max Speed: 15.55 M/s, Avg Speed: 1.19 M/s, Max Resolution: 1920x1080
Category: 📡卫视频道, Name: 宁夏卫视, Total: 30, Valid: 16, Valid Percent: 53.33%, Whitelist: 0, IPv4: 1, IPv6: 29, Min Delay: 0.1 ms, Max Speed: 18.00 M/s, Avg Speed: 1.13 M/s, Max Resolution: 1920x1080
Category: 📡卫视频道, Name: 青海卫视, Total: 39, Valid: 21, Valid Percent: 53.85%, Whitelist: 0, IPv4: 2, IPv6: 37, Min Delay: 0.1 ms, Max Speed: 12.23 M/s, Avg Speed: 1.00 M/s, Max Resolution: 1920x1080
Category: 📡卫视频道, Name: 山东卫视, Total: 54, Valid: 37, Valid Percent: 68.52%, Whitelist: 0, IPv4: 1, IPv6: 53, Min Delay: 0.1 ms, Max Speed: 7.00 M/s, Avg Speed: 0.19 M/s, Max Resolution: 1920x1080
Category: 📡卫视频道, Name: 山西卫视, Total: 25, Valid: 10, Valid Percent: 40.00%, Whitelist: 0, IPv4: 1, IPv6: 24, Min Delay: 0.1 ms, Max Speed: 14.39 M/s, Avg Speed: 1.44 M/s, Max Resolution: 1920x1080
Category: 📡卫视频道, Name: 陕西卫视, Total: 29, Valid: 12, Valid Percent: 41.38%, Whitelist: 0, IPv4: 3, IPv6: 26, Min Delay: 0.1 ms, Max Speed: 24.26 M/s, Avg Speed: 3.94 M/s, Max Resolution: 1920x1080
Category: 📡卫视频道, Name: 四川卫视, Total: 41, Valid: 25, Valid Percent: 60.98%, Whitelist: 0, IPv4: 1, IPv6: 40, Min Delay: 0.1 ms, Max Speed: 5.10 M/s, Avg Speed: 0.20 M/s, Max Resolution: 1920x1080
Category: 📡卫视频道, Name: 深圳卫视, Total: 47, Valid: 29, Valid Percent: 61.70%, Whitelist: 0, IPv4: 1, IPv6: 46, Min Delay: 0.1 ms, Max Speed: 5.88 M/s, Avg Speed: 0.20 M/s, Max Resolution: 1920x1080
Category: 📡卫视频道, Name: 三沙卫视, Total: 18, Valid: 10, Valid Percent: 55.56%, Whitelist: 0, IPv4: 1, IPv6: 17, Min Delay: 0.1 ms, Max Speed: 12.76 M/s, Avg Speed: 1.28 M/s, Max Resolution: 1920x1080
Category: 📡卫视频道, Name: 天津卫视, Total: 52, Valid: 36, Valid Percent: 69.23%, Whitelist: 0, IPv4: 1, IPv6: 51, Min Delay: 0.1 ms, Max Speed: 5.95 M/s, Avg Speed: 0.17 M/s, Max Resolution: 1920x1080
Category: 📡卫视频道, Name: 西藏卫视, Total: 23, Valid: 10, Valid Percent: 43.48%, Whitelist: 0, IPv4: 1, IPv6: 22, Min Delay: 0.1 ms, Max Speed: 12.01 M/s, Avg Speed: 1.20 M/s, Max Resolution: 1920x1080
Category: 📡卫视频道, Name: 新疆卫视, Total: 35, Valid: 18, Valid Percent: 51.43%, Whitelist: 0, IPv4: 1, IPv6: 34, Min Delay: 0.1 ms, Max Speed: 4.60 M/s, Avg Speed: 0.26 M/s, Max Resolution: 1920x1080
Category: 📡卫视频道, Name: 云南卫视, Total: 37, Valid: 21, Valid Percent: 56.76%, Whitelist: 0, IPv4: 1, IPv6: 36, Min Delay: 0.1 ms, Max Speed: 7.20 M/s, Avg Speed: 0.34 M/s, Max Resolution: 1920x1080
Category: ☘️湖南频道, Name: 湖南都市, Total: 2, Valid: 0, Valid Percent: 0.00%, Whitelist: 0, IPv4: 0, IPv6: 2, Min Delay: -1 ms, Max Speed: 0.00 M/s, Avg Speed: 0.00 M/s, Max Resolution: None
Category: ☘️湖南频道, Name: 湖南经视, Total: 2, Valid: 1, Valid Percent: 50.00%, Whitelist: 0, IPv4: 0, IPv6: 2, Min Delay: 0.1 ms, Max Speed: 0.00 M/s, Avg Speed: 0.00 M/s, Max Resolution: 1920x1080
Category: ☘️湖南频道, Name: 湖南电视剧, Total: 2, Valid: 0, Valid Percent: 0.00%, Whitelist: 0, IPv4: 0, IPv6: 2, Min Delay: -1 ms, Max Speed: 0.00 M/s, Avg Speed: 0.00 M/s, Max Resolution: None
Category: ☘️湖南频道, Name: 湖南电影, Total: 2, Valid: 1, Valid Percent: 50.00%, Whitelist: 0, IPv4: 0, IPv6: 2, Min Delay: 0.1 ms, Max Speed: 0.00 M/s, Avg Speed: 0.00 M/s, Max Resolution: 1920x1080
Category: ☘️湖南频道, Name: 湖南爱晚, Total: 1, Valid: 0, Valid Percent: 0.00%, Whitelist: 0, IPv4: 0, IPv6: 1, Min Delay: -1 ms, Max Speed: 0.00 M/s, Avg Speed: 0.00 M/s, Max Resolution: None
Category: ☘️湖南频道, Name: 湖南教育, Total: 2, Valid: 2, Valid Percent: 100.00%, Whitelist: 0, IPv4: 0, IPv6: 2, Min Delay: 0.1 ms, Max Speed: 0.00 M/s, Avg Speed: 0.00 M/s, Max Resolution: 1920x1080
Category: ☘️湖南频道, Name: 湖南娱乐, Total: 2, Valid: 0, Valid Percent: 0.00%, Whitelist: 0, IPv4: 0, IPv6: 2, Min Delay: -1 ms, Max Speed: 0.00 M/s, Avg Speed: 0.00 M/s, Max Resolution: None
Category: ☘️湖南频道, Name: 湖南国际, Total: 2, Valid: 1, Valid Percent: 50.00%, Whitelist: 0, IPv4: 0, IPv6: 2, Min Delay: 0.1 ms, Max Speed: 0.00 M/s, Avg Speed: 0.00 M/s, Max Resolution: 1920x1080
Category: ☘️湖南频道, Name: 湖南公共, Total: 1, Valid: 0, Valid Percent: 0.00%, Whitelist: 0, IPv4: 0, IPv6: 1, Min Delay: -1 ms, Max Speed: 0.00 M/s, Avg Speed: 0.00 M/s, Max Resolution: None
Category: ☘️湖南频道, Name: 金鹰纪实, Total: 9, Valid: 4, Valid Percent: 44.44%, Whitelist: 0, IPv4: 0, IPv6: 9, Min Delay: 0.1 ms, Max Speed: 0.00 M/s, Avg Speed: 0.00 M/s, Max Resolution: 1920x1080
Category: ☘️湖南频道, Name: 湖南金鹰纪实, Total: 3, Valid: 2, Valid Percent: 66.67%, Whitelist: 0, IPv4: 0, IPv6: 3, Min Delay: 0.1 ms, Max Speed: 0.00 M/s, Avg Speed: 0.00 M/s, Max Resolution: 1920x1080
